<!doctype html public "-//w3c//dtd html 4.0 transitional//en">
<html><head>
<title>Static Call Graph - [stm32f100-timer capture (pres speed meter)\stm32f100-timer capture (pres speed meter).axf]</title></head>
<body><HR>
<H1>Static Call Graph for image stm32f100-timer capture (pres speed meter)\stm32f100-timer capture (pres speed meter).axf</H1><HR>
<BR><P>#&#060CALLGRAPH&#062# ARM Linker, 5060422: Last Updated: Fri Jun 16 17:21:43 2017
<BR><P>
<H3>Maximum Stack Usage =        144 bytes + Unknown(Cycles, Untraceable Function Pointers)</H3><H3>
Call chain for Maximum Stack Depth:</H3>
main &rArr; MX_TIM3_Init &rArr; HAL_TIM_Base_Init &rArr; HAL_TIM_Base_MspInit &rArr; HAL_GPIO_Init
<P>
<H3>
Mutually Recursive functions
</H3> <LI><a href="#[1c]">ADC1_IRQHandler</a>&nbsp;&nbsp;&nbsp;&rArr;&nbsp;&nbsp;&nbsp;<a href="#[1c]">ADC1_IRQHandler</a><BR>
 <LI><a href="#[4]">BusFault_Handler</a>&nbsp;&nbsp;&nbsp;&rArr;&nbsp;&nbsp;&nbsp;<a href="#[4]">BusFault_Handler</a><BR>
 <LI><a href="#[2]">HardFault_Handler</a>&nbsp;&nbsp;&nbsp;&rArr;&nbsp;&nbsp;&nbsp;<a href="#[2]">HardFault_Handler</a><BR>
 <LI><a href="#[3]">MemManage_Handler</a>&nbsp;&nbsp;&nbsp;&rArr;&nbsp;&nbsp;&nbsp;<a href="#[3]">MemManage_Handler</a><BR>
 <LI><a href="#[3a]">Error_Handler</a>&nbsp;&nbsp;&nbsp;&rArr;&nbsp;&nbsp;&nbsp;<a href="#[3a]">Error_Handler</a><BR>
 <LI><a href="#[5]">UsageFault_Handler</a>&nbsp;&nbsp;&nbsp;&rArr;&nbsp;&nbsp;&nbsp;<a href="#[5]">UsageFault_Handler</a><BR>
</UL>
<P>
<H3>
Function Pointers
</H3><UL>
 <LI><a href="#[1c]">ADC1_IRQHandler</a> from startup_stm32f100xb.o(.text) referenced from startup_stm32f100xb.o(RESET)
 <LI><a href="#[4]">BusFault_Handler</a> from stm32f1xx_it.o(i.BusFault_Handler) referenced from startup_stm32f100xb.o(RESET)
 <LI><a href="#[30]">CEC_IRQHandler</a> from startup_stm32f100xb.o(.text) referenced from startup_stm32f100xb.o(RESET)
 <LI><a href="#[15]">DMA1_Channel1_IRQHandler</a> from startup_stm32f100xb.o(.text) referenced from startup_stm32f100xb.o(RESET)
 <LI><a href="#[16]">DMA1_Channel2_IRQHandler</a> from startup_stm32f100xb.o(.text) referenced from startup_stm32f100xb.o(RESET)
 <LI><a href="#[17]">DMA1_Channel3_IRQHandler</a> from startup_stm32f100xb.o(.text) referenced from startup_stm32f100xb.o(RESET)
 <LI><a href="#[18]">DMA1_Channel4_IRQHandler</a> from startup_stm32f100xb.o(.text) referenced from startup_stm32f100xb.o(RESET)
 <LI><a href="#[19]">DMA1_Channel5_IRQHandler</a> from startup_stm32f100xb.o(.text) referenced from startup_stm32f100xb.o(RESET)
 <LI><a href="#[1a]">DMA1_Channel6_IRQHandler</a> from startup_stm32f100xb.o(.text) referenced from startup_stm32f100xb.o(RESET)
 <LI><a href="#[1b]">DMA1_Channel7_IRQHandler</a> from startup_stm32f100xb.o(.text) referenced from startup_stm32f100xb.o(RESET)
 <LI><a href="#[7]">DebugMon_Handler</a> from stm32f1xx_it.o(i.DebugMon_Handler) referenced from startup_stm32f100xb.o(RESET)
 <LI><a href="#[10]">EXTI0_IRQHandler</a> from startup_stm32f100xb.o(.text) referenced from startup_stm32f100xb.o(RESET)
 <LI><a href="#[2e]">EXTI15_10_IRQHandler</a> from startup_stm32f100xb.o(.text) referenced from startup_stm32f100xb.o(RESET)
 <LI><a href="#[11]">EXTI1_IRQHandler</a> from startup_stm32f100xb.o(.text) referenced from startup_stm32f100xb.o(RESET)
 <LI><a href="#[12]">EXTI2_IRQHandler</a> from startup_stm32f100xb.o(.text) referenced from startup_stm32f100xb.o(RESET)
 <LI><a href="#[13]">EXTI3_IRQHandler</a> from startup_stm32f100xb.o(.text) referenced from startup_stm32f100xb.o(RESET)
 <LI><a href="#[14]">EXTI4_IRQHandler</a> from startup_stm32f100xb.o(.text) referenced from startup_stm32f100xb.o(RESET)
 <LI><a href="#[1d]">EXTI9_5_IRQHandler</a> from startup_stm32f100xb.o(.text) referenced from startup_stm32f100xb.o(RESET)
 <LI><a href="#[e]">FLASH_IRQHandler</a> from startup_stm32f100xb.o(.text) referenced from startup_stm32f100xb.o(RESET)
 <LI><a href="#[2]">HardFault_Handler</a> from stm32f1xx_it.o(i.HardFault_Handler) referenced from startup_stm32f100xb.o(RESET)
 <LI><a href="#[26]">I2C1_ER_IRQHandler</a> from startup_stm32f100xb.o(.text) referenced from startup_stm32f100xb.o(RESET)
 <LI><a href="#[25]">I2C1_EV_IRQHandler</a> from startup_stm32f100xb.o(.text) referenced from startup_stm32f100xb.o(RESET)
 <LI><a href="#[28]">I2C2_ER_IRQHandler</a> from startup_stm32f100xb.o(.text) referenced from startup_stm32f100xb.o(RESET)
 <LI><a href="#[27]">I2C2_EV_IRQHandler</a> from startup_stm32f100xb.o(.text) referenced from startup_stm32f100xb.o(RESET)
 <LI><a href="#[3]">MemManage_Handler</a> from stm32f1xx_it.o(i.MemManage_Handler) referenced from startup_stm32f100xb.o(RESET)
 <LI><a href="#[1]">NMI_Handler</a> from stm32f1xx_it.o(i.NMI_Handler) referenced from startup_stm32f100xb.o(RESET)
 <LI><a href="#[b]">PVD_IRQHandler</a> from startup_stm32f100xb.o(.text) referenced from startup_stm32f100xb.o(RESET)
 <LI><a href="#[8]">PendSV_Handler</a> from stm32f1xx_it.o(i.PendSV_Handler) referenced from startup_stm32f100xb.o(RESET)
 <LI><a href="#[f]">RCC_IRQHandler</a> from startup_stm32f100xb.o(.text) referenced from startup_stm32f100xb.o(RESET)
 <LI><a href="#[2f]">RTC_Alarm_IRQHandler</a> from startup_stm32f100xb.o(.text) referenced from startup_stm32f100xb.o(RESET)
 <LI><a href="#[d]">RTC_IRQHandler</a> from startup_stm32f100xb.o(.text) referenced from startup_stm32f100xb.o(RESET)
 <LI><a href="#[0]">Reset_Handler</a> from startup_stm32f100xb.o(.text) referenced from startup_stm32f100xb.o(RESET)
 <LI><a href="#[29]">SPI1_IRQHandler</a> from startup_stm32f100xb.o(.text) referenced from startup_stm32f100xb.o(RESET)
 <LI><a href="#[2a]">SPI2_IRQHandler</a> from startup_stm32f100xb.o(.text) referenced from startup_stm32f100xb.o(RESET)
 <LI><a href="#[6]">SVC_Handler</a> from stm32f1xx_it.o(i.SVC_Handler) referenced from startup_stm32f100xb.o(RESET)
 <LI><a href="#[9]">SysTick_Handler</a> from stm32f1xx_it.o(i.SysTick_Handler) referenced from startup_stm32f100xb.o(RESET)
 <LI><a href="#[34]">SystemInit</a> from system_stm32f1xx.o(i.SystemInit) referenced from startup_stm32f100xb.o(.text)
 <LI><a href="#[c]">TAMPER_IRQHandler</a> from startup_stm32f100xb.o(.text) referenced from startup_stm32f100xb.o(RESET)
 <LI><a href="#[1e]">TIM1_BRK_TIM15_IRQHandler</a> from startup_stm32f100xb.o(.text) referenced from startup_stm32f100xb.o(RESET)
 <LI><a href="#[21]">TIM1_CC_IRQHandler</a> from stm32f1xx_it.o(i.TIM1_CC_IRQHandler) referenced from startup_stm32f100xb.o(RESET)
 <LI><a href="#[20]">TIM1_TRG_COM_TIM17_IRQHandler</a> from startup_stm32f100xb.o(.text) referenced from startup_stm32f100xb.o(RESET)
 <LI><a href="#[1f]">TIM1_UP_TIM16_IRQHandler</a> from startup_stm32f100xb.o(.text) referenced from startup_stm32f100xb.o(RESET)
 <LI><a href="#[22]">TIM2_IRQHandler</a> from startup_stm32f100xb.o(.text) referenced from startup_stm32f100xb.o(RESET)
 <LI><a href="#[23]">TIM3_IRQHandler</a> from startup_stm32f100xb.o(.text) referenced from startup_stm32f100xb.o(RESET)
 <LI><a href="#[24]">TIM4_IRQHandler</a> from startup_stm32f100xb.o(.text) referenced from startup_stm32f100xb.o(RESET)
 <LI><a href="#[31]">TIM6_DAC_IRQHandler</a> from startup_stm32f100xb.o(.text) referenced from startup_stm32f100xb.o(RESET)
 <LI><a href="#[32]">TIM7_IRQHandler</a> from startup_stm32f100xb.o(.text) referenced from startup_stm32f100xb.o(RESET)
 <LI><a href="#[2b]">USART1_IRQHandler</a> from startup_stm32f100xb.o(.text) referenced from startup_stm32f100xb.o(RESET)
 <LI><a href="#[2c]">USART2_IRQHandler</a> from startup_stm32f100xb.o(.text) referenced from startup_stm32f100xb.o(RESET)
 <LI><a href="#[2d]">USART3_IRQHandler</a> from startup_stm32f100xb.o(.text) referenced from startup_stm32f100xb.o(RESET)
 <LI><a href="#[5]">UsageFault_Handler</a> from stm32f1xx_it.o(i.UsageFault_Handler) referenced from startup_stm32f100xb.o(RESET)
 <LI><a href="#[a]">WWDG_IRQHandler</a> from startup_stm32f100xb.o(.text) referenced from startup_stm32f100xb.o(RESET)
 <LI><a href="#[35]">__main</a> from entry.o(.ARM.Collect$$$$00000000) referenced from startup_stm32f100xb.o(.text)
 <LI><a href="#[36]">fputc</a> from main.o(i.fputc) referenced from printf1.o(i.__0printf$1)
 <LI><a href="#[33]">main</a> from main.o(i.main) referenced from entry9a.o(.ARM.Collect$$$$0000000B)
</UL>
<P>
<H3>
Global Symbols
</H3>
<P><STRONG><a name="[35]"></a>__main</STRONG> (Thumb, 0 bytes, Stack size unknown bytes, entry.o(.ARM.Collect$$$$00000000))
<BR>[Address Reference Count : 1]<UL><LI> startup_stm32f100xb.o(.text)
</UL>
<P><STRONG><a name="[85]"></a>_main_stk</STRONG> (Thumb, 0 bytes, Stack size unknown bytes, entry2.o(.ARM.Collect$$$$00000001))

<P><STRONG><a name="[37]"></a>_main_scatterload</STRONG> (Thumb, 0 bytes, Stack size unknown bytes, entry5.o(.ARM.Collect$$$$00000004))
<BR><BR>[Calls]<UL><LI><a href="#[38]">&gt;&gt;</a>&nbsp;&nbsp;&nbsp;__scatterload
</UL>

<P><STRONG><a name="[39]"></a>__main_after_scatterload</STRONG> (Thumb, 0 bytes, Stack size unknown bytes, entry5.o(.ARM.Collect$$$$00000004))
<BR><BR>[Called By]<UL><LI><a href="#[38]">&gt;&gt;</a>&nbsp;&nbsp;&nbsp;__scatterload
</UL>

<P><STRONG><a name="[86]"></a>_main_clock</STRONG> (Thumb, 0 bytes, Stack size unknown bytes, entry7b.o(.ARM.Collect$$$$00000008))

<P><STRONG><a name="[87]"></a>_main_cpp_init</STRONG> (Thumb, 0 bytes, Stack size unknown bytes, entry8b.o(.ARM.Collect$$$$0000000A))

<P><STRONG><a name="[88]"></a>_main_init</STRONG> (Thumb, 0 bytes, Stack size unknown bytes, entry9a.o(.ARM.Collect$$$$0000000B))

<P><STRONG><a name="[89]"></a>__rt_final_cpp</STRONG> (Thumb, 0 bytes, Stack size unknown bytes, entry10a.o(.ARM.Collect$$$$0000000D))

<P><STRONG><a name="[8a]"></a>__rt_final_exit</STRONG> (Thumb, 0 bytes, Stack size unknown bytes, entry11a.o(.ARM.Collect$$$$0000000F))

<P><STRONG><a name="[0]"></a>Reset_Handler</STRONG> (Thumb, 8 bytes, Stack size 0 bytes, startup_stm32f100xb.o(.text))
<BR>[Address Reference Count : 1]<UL><LI> startup_stm32f100xb.o(RESET)
</UL>
<P><STRONG><a name="[1c]"></a>ADC1_IRQHandler</STRONG> (Thumb, 0 bytes, Stack size 0 bytes, startup_stm32f100xb.o(.text))
<BR><BR>[Calls]<UL><LI><a href="#[1c]">&gt;&gt;</a>&nbsp;&nbsp;&nbsp;ADC1_IRQHandler
</UL>
<BR>[Called By]<UL><LI><a href="#[1c]">&gt;&gt;</a>&nbsp;&nbsp;&nbsp;ADC1_IRQHandler
</UL>
<BR>[Address Reference Count : 1]<UL><LI> startup_stm32f100xb.o(RESET)
</UL>
<P><STRONG><a name="[30]"></a>CEC_IRQHandler</STRONG> (Thumb, 0 bytes, Stack size 0 bytes, startup_stm32f100xb.o(.text))
<BR>[Address Reference Count : 1]<UL><LI> startup_stm32f100xb.o(RESET)
</UL>
<P><STRONG><a name="[15]"></a>DMA1_Channel1_IRQHandler</STRONG> (Thumb, 0 bytes, Stack size 0 bytes, startup_stm32f100xb.o(.text))
<BR>[Address Reference Count : 1]<UL><LI> startup_stm32f100xb.o(RESET)
</UL>
<P><STRONG><a name="[16]"></a>DMA1_Channel2_IRQHandler</STRONG> (Thumb, 0 bytes, Stack size 0 bytes, startup_stm32f100xb.o(.text))
<BR>[Address Reference Count : 1]<UL><LI> startup_stm32f100xb.o(RESET)
</UL>
<P><STRONG><a name="[17]"></a>DMA1_Channel3_IRQHandler</STRONG> (Thumb, 0 bytes, Stack size 0 bytes, startup_stm32f100xb.o(.text))
<BR>[Address Reference Count : 1]<UL><LI> startup_stm32f100xb.o(RESET)
</UL>
<P><STRONG><a name="[18]"></a>DMA1_Channel4_IRQHandler</STRONG> (Thumb, 0 bytes, Stack size 0 bytes, startup_stm32f100xb.o(.text))
<BR>[Address Reference Count : 1]<UL><LI> startup_stm32f100xb.o(RESET)
</UL>
<P><STRONG><a name="[19]"></a>DMA1_Channel5_IRQHandler</STRONG> (Thumb, 0 bytes, Stack size 0 bytes, startup_stm32f100xb.o(.text))
<BR>[Address Reference Count : 1]<UL><LI> startup_stm32f100xb.o(RESET)
</UL>
<P><STRONG><a name="[1a]"></a>DMA1_Channel6_IRQHandler</STRONG> (Thumb, 0 bytes, Stack size 0 bytes, startup_stm32f100xb.o(.text))
<BR>[Address Reference Count : 1]<UL><LI> startup_stm32f100xb.o(RESET)
</UL>
<P><STRONG><a name="[1b]"></a>DMA1_Channel7_IRQHandler</STRONG> (Thumb, 0 bytes, Stack size 0 bytes, startup_stm32f100xb.o(.text))
<BR>[Address Reference Count : 1]<UL><LI> startup_stm32f100xb.o(RESET)
</UL>
<P><STRONG><a name="[10]"></a>EXTI0_IRQHandler</STRONG> (Thumb, 0 bytes, Stack size 0 bytes, startup_stm32f100xb.o(.text))
<BR>[Address Reference Count : 1]<UL><LI> startup_stm32f100xb.o(RESET)
</UL>
<P><STRONG><a name="[2e]"></a>EXTI15_10_IRQHandler</STRONG> (Thumb, 0 bytes, Stack size 0 bytes, startup_stm32f100xb.o(.text))
<BR>[Address Reference Count : 1]<UL><LI> startup_stm32f100xb.o(RESET)
</UL>
<P><STRONG><a name="[11]"></a>EXTI1_IRQHandler</STRONG> (Thumb, 0 bytes, Stack size 0 bytes, startup_stm32f100xb.o(.text))
<BR>[Address Reference Count : 1]<UL><LI> startup_stm32f100xb.o(RESET)
</UL>
<P><STRONG><a name="[12]"></a>EXTI2_IRQHandler</STRONG> (Thumb, 0 bytes, Stack size 0 bytes, startup_stm32f100xb.o(.text))
<BR>[Address Reference Count : 1]<UL><LI> startup_stm32f100xb.o(RESET)
</UL>
<P><STRONG><a name="[13]"></a>EXTI3_IRQHandler</STRONG> (Thumb, 0 bytes, Stack size 0 bytes, startup_stm32f100xb.o(.text))
<BR>[Address Reference Count : 1]<UL><LI> startup_stm32f100xb.o(RESET)
</UL>
<P><STRONG><a name="[14]"></a>EXTI4_IRQHandler</STRONG> (Thumb, 0 bytes, Stack size 0 bytes, startup_stm32f100xb.o(.text))
<BR>[Address Reference Count : 1]<UL><LI> startup_stm32f100xb.o(RESET)
</UL>
<P><STRONG><a name="[1d]"></a>EXTI9_5_IRQHandler</STRONG> (Thumb, 0 bytes, Stack size 0 bytes, startup_stm32f100xb.o(.text))
<BR>[Address Reference Count : 1]<UL><LI> startup_stm32f100xb.o(RESET)
</UL>
<P><STRONG><a name="[e]"></a>FLASH_IRQHandler</STRONG> (Thumb, 0 bytes, Stack size 0 bytes, startup_stm32f100xb.o(.text))
<BR>[Address Reference Count : 1]<UL><LI> startup_stm32f100xb.o(RESET)
</UL>
<P><STRONG><a name="[26]"></a>I2C1_ER_IRQHandler</STRONG> (Thumb, 0 bytes, Stack size 0 bytes, startup_stm32f100xb.o(.text))
<BR>[Address Reference Count : 1]<UL><LI> startup_stm32f100xb.o(RESET)
</UL>
<P><STRONG><a name="[25]"></a>I2C1_EV_IRQHandler</STRONG> (Thumb, 0 bytes, Stack size 0 bytes, startup_stm32f100xb.o(.text))
<BR>[Address Reference Count : 1]<UL><LI> startup_stm32f100xb.o(RESET)
</UL>
<P><STRONG><a name="[28]"></a>I2C2_ER_IRQHandler</STRONG> (Thumb, 0 bytes, Stack size 0 bytes, startup_stm32f100xb.o(.text))
<BR>[Address Reference Count : 1]<UL><LI> startup_stm32f100xb.o(RESET)
</UL>
<P><STRONG><a name="[27]"></a>I2C2_EV_IRQHandler</STRONG> (Thumb, 0 bytes, Stack size 0 bytes, startup_stm32f100xb.o(.text))
<BR>[Address Reference Count : 1]<UL><LI> startup_stm32f100xb.o(RESET)
</UL>
<P><STRONG><a name="[b]"></a>PVD_IRQHandler</STRONG> (Thumb, 0 bytes, Stack size 0 bytes, startup_stm32f100xb.o(.text))
<BR>[Address Reference Count : 1]<UL><LI> startup_stm32f100xb.o(RESET)
</UL>
<P><STRONG><a name="[f]"></a>RCC_IRQHandler</STRONG> (Thumb, 0 bytes, Stack size 0 bytes, startup_stm32f100xb.o(.text))
<BR>[Address Reference Count : 1]<UL><LI> startup_stm32f100xb.o(RESET)
</UL>
<P><STRONG><a name="[2f]"></a>RTC_Alarm_IRQHandler</STRONG> (Thumb, 0 bytes, Stack size 0 bytes, startup_stm32f100xb.o(.text))
<BR>[Address Reference Count : 1]<UL><LI> startup_stm32f100xb.o(RESET)
</UL>
<P><STRONG><a name="[d]"></a>RTC_IRQHandler</STRONG> (Thumb, 0 bytes, Stack size 0 bytes, startup_stm32f100xb.o(.text))
<BR>[Address Reference Count : 1]<UL><LI> startup_stm32f100xb.o(RESET)
</UL>
<P><STRONG><a name="[29]"></a>SPI1_IRQHandler</STRONG> (Thumb, 0 bytes, Stack size 0 bytes, startup_stm32f100xb.o(.text))
<BR>[Address Reference Count : 1]<UL><LI> startup_stm32f100xb.o(RESET)
</UL>
<P><STRONG><a name="[2a]"></a>SPI2_IRQHandler</STRONG> (Thumb, 0 bytes, Stack size 0 bytes, startup_stm32f100xb.o(.text))
<BR>[Address Reference Count : 1]<UL><LI> startup_stm32f100xb.o(RESET)
</UL>
<P><STRONG><a name="[c]"></a>TAMPER_IRQHandler</STRONG> (Thumb, 0 bytes, Stack size 0 bytes, startup_stm32f100xb.o(.text))
<BR>[Address Reference Count : 1]<UL><LI> startup_stm32f100xb.o(RESET)
</UL>
<P><STRONG><a name="[1e]"></a>TIM1_BRK_TIM15_IRQHandler</STRONG> (Thumb, 0 bytes, Stack size 0 bytes, startup_stm32f100xb.o(.text))
<BR>[Address Reference Count : 1]<UL><LI> startup_stm32f100xb.o(RESET)
</UL>
<P><STRONG><a name="[20]"></a>TIM1_TRG_COM_TIM17_IRQHandler</STRONG> (Thumb, 0 bytes, Stack size 0 bytes, startup_stm32f100xb.o(.text))
<BR>[Address Reference Count : 1]<UL><LI> startup_stm32f100xb.o(RESET)
</UL>
<P><STRONG><a name="[1f]"></a>TIM1_UP_TIM16_IRQHandler</STRONG> (Thumb, 0 bytes, Stack size 0 bytes, startup_stm32f100xb.o(.text))
<BR>[Address Reference Count : 1]<UL><LI> startup_stm32f100xb.o(RESET)
</UL>
<P><STRONG><a name="[22]"></a>TIM2_IRQHandler</STRONG> (Thumb, 0 bytes, Stack size 0 bytes, startup_stm32f100xb.o(.text))
<BR>[Address Reference Count : 1]<UL><LI> startup_stm32f100xb.o(RESET)
</UL>
<P><STRONG><a name="[23]"></a>TIM3_IRQHandler</STRONG> (Thumb, 0 bytes, Stack size 0 bytes, startup_stm32f100xb.o(.text))
<BR>[Address Reference Count : 1]<UL><LI> startup_stm32f100xb.o(RESET)
</UL>
<P><STRONG><a name="[24]"></a>TIM4_IRQHandler</STRONG> (Thumb, 0 bytes, Stack size 0 bytes, startup_stm32f100xb.o(.text))
<BR>[Address Reference Count : 1]<UL><LI> startup_stm32f100xb.o(RESET)
</UL>
<P><STRONG><a name="[31]"></a>TIM6_DAC_IRQHandler</STRONG> (Thumb, 0 bytes, Stack size 0 bytes, startup_stm32f100xb.o(.text))
<BR>[Address Reference Count : 1]<UL><LI> startup_stm32f100xb.o(RESET)
</UL>
<P><STRONG><a name="[32]"></a>TIM7_IRQHandler</STRONG> (Thumb, 0 bytes, Stack size 0 bytes, startup_stm32f100xb.o(.text))
<BR>[Address Reference Count : 1]<UL><LI> startup_stm32f100xb.o(RESET)
</UL>
<P><STRONG><a name="[2b]"></a>USART1_IRQHandler</STRONG> (Thumb, 0 bytes, Stack size 0 bytes, startup_stm32f100xb.o(.text))
<BR>[Address Reference Count : 1]<UL><LI> startup_stm32f100xb.o(RESET)
</UL>
<P><STRONG><a name="[2c]"></a>USART2_IRQHandler</STRONG> (Thumb, 0 bytes, Stack size 0 bytes, startup_stm32f100xb.o(.text))
<BR>[Address Reference Count : 1]<UL><LI> startup_stm32f100xb.o(RESET)
</UL>
<P><STRONG><a name="[2d]"></a>USART3_IRQHandler</STRONG> (Thumb, 0 bytes, Stack size 0 bytes, startup_stm32f100xb.o(.text))
<BR>[Address Reference Count : 1]<UL><LI> startup_stm32f100xb.o(RESET)
</UL>
<P><STRONG><a name="[a]"></a>WWDG_IRQHandler</STRONG> (Thumb, 0 bytes, Stack size 0 bytes, startup_stm32f100xb.o(.text))
<BR>[Address Reference Count : 1]<UL><LI> startup_stm32f100xb.o(RESET)
</UL>
<P><STRONG><a name="[8b]"></a>__aeabi_uidiv</STRONG> (Thumb, 0 bytes, Stack size 12 bytes, uidiv.o(.text), UNUSED)

<P><STRONG><a name="[83]"></a>__aeabi_uidivmod</STRONG> (Thumb, 44 bytes, Stack size 12 bytes, uidiv.o(.text), UNUSED)
<BR><BR>[Called By]<UL><LI><a href="#[82]">&gt;&gt;</a>&nbsp;&nbsp;&nbsp;_printf_core
</UL>

<P><STRONG><a name="[38]"></a>__scatterload</STRONG> (Thumb, 28 bytes, Stack size 0 bytes, init.o(.text))
<BR><BR>[Calls]<UL><LI><a href="#[39]">&gt;&gt;</a>&nbsp;&nbsp;&nbsp;__main_after_scatterload
</UL>
<BR>[Called By]<UL><LI><a href="#[37]">&gt;&gt;</a>&nbsp;&nbsp;&nbsp;_main_scatterload
</UL>

<P><STRONG><a name="[8c]"></a>__scatterload_rt2</STRONG> (Thumb, 0 bytes, Stack size 0 bytes, init.o(.text), UNUSED)

<P><STRONG><a name="[4]"></a>BusFault_Handler</STRONG> (Thumb, 2 bytes, Stack size 0 bytes, stm32f1xx_it.o(i.BusFault_Handler))
<BR><BR>[Calls]<UL><LI><a href="#[4]">&gt;&gt;</a>&nbsp;&nbsp;&nbsp;BusFault_Handler
</UL>
<BR>[Called By]<UL><LI><a href="#[4]">&gt;&gt;</a>&nbsp;&nbsp;&nbsp;BusFault_Handler
</UL>
<BR>[Address Reference Count : 1]<UL><LI> startup_stm32f100xb.o(RESET)
</UL>
<P><STRONG><a name="[7]"></a>DebugMon_Handler</STRONG> (Thumb, 2 bytes, Stack size 0 bytes, stm32f1xx_it.o(i.DebugMon_Handler))
<BR>[Address Reference Count : 1]<UL><LI> startup_stm32f100xb.o(RESET)
</UL>
<P><STRONG><a name="[3a]"></a>Error_Handler</STRONG> (Thumb, 2 bytes, Stack size 0 bytes, main.o(i.Error_Handler))
<BR><BR>[Calls]<UL><LI><a href="#[3a]">&gt;&gt;</a>&nbsp;&nbsp;&nbsp;Error_Handler
</UL>
<BR>[Called By]<UL><LI><a href="#[60]">&gt;&gt;</a>&nbsp;&nbsp;&nbsp;HAL_TIM_IC_CaptureCallback
<LI><a href="#[7e]">&gt;&gt;</a>&nbsp;&nbsp;&nbsp;MX_TIM3_Init
<LI><a href="#[7d]">&gt;&gt;</a>&nbsp;&nbsp;&nbsp;MX_TIM2_Init
<LI><a href="#[7c]">&gt;&gt;</a>&nbsp;&nbsp;&nbsp;MX_TIM1_Init
<LI><a href="#[7b]">&gt;&gt;</a>&nbsp;&nbsp;&nbsp;MX_I2C1_Init
<LI><a href="#[3a]">&gt;&gt;</a>&nbsp;&nbsp;&nbsp;Error_Handler
<LI><a href="#[79]">&gt;&gt;</a>&nbsp;&nbsp;&nbsp;MX_DAC_Init
</UL>

<P><STRONG><a name="[3b]"></a>HAL_DAC_ConfigChannel</STRONG> (Thumb, 150 bytes, Stack size 16 bytes, stm32f1xx_hal_dac.o(i.HAL_DAC_ConfigChannel))
<BR><BR>[Stack]<UL><LI>Max Depth = 16<LI>Call Chain = HAL_DAC_ConfigChannel
</UL>
<BR>[Calls]<UL><LI><a href="#[3c]">&gt;&gt;</a>&nbsp;&nbsp;&nbsp;assert_failed
</UL>
<BR>[Called By]<UL><LI><a href="#[79]">&gt;&gt;</a>&nbsp;&nbsp;&nbsp;MX_DAC_Init
</UL>

<P><STRONG><a name="[3d]"></a>HAL_DAC_Init</STRONG> (Thumb, 58 bytes, Stack size 16 bytes, stm32f1xx_hal_dac.o(i.HAL_DAC_Init))
<BR><BR>[Stack]<UL><LI>Max Depth = 80<LI>Call Chain = HAL_DAC_Init &rArr; HAL_DAC_MspInit &rArr; HAL_GPIO_Init
</UL>
<BR>[Calls]<UL><LI><a href="#[3c]">&gt;&gt;</a>&nbsp;&nbsp;&nbsp;assert_failed
<LI><a href="#[3e]">&gt;&gt;</a>&nbsp;&nbsp;&nbsp;HAL_DAC_MspInit
</UL>
<BR>[Called By]<UL><LI><a href="#[79]">&gt;&gt;</a>&nbsp;&nbsp;&nbsp;MX_DAC_Init
</UL>

<P><STRONG><a name="[3e]"></a>HAL_DAC_MspInit</STRONG> (Thumb, 50 bytes, Stack size 24 bytes, dac.o(i.HAL_DAC_MspInit))
<BR><BR>[Stack]<UL><LI>Max Depth = 64<LI>Call Chain = HAL_DAC_MspInit &rArr; HAL_GPIO_Init
</UL>
<BR>[Calls]<UL><LI><a href="#[3f]">&gt;&gt;</a>&nbsp;&nbsp;&nbsp;HAL_GPIO_Init
</UL>
<BR>[Called By]<UL><LI><a href="#[3d]">&gt;&gt;</a>&nbsp;&nbsp;&nbsp;HAL_DAC_Init
</UL>

<P><STRONG><a name="[40]"></a>HAL_DAC_SetValue</STRONG> (Thumb, 92 bytes, Stack size 24 bytes, stm32f1xx_hal_dac.o(i.HAL_DAC_SetValue))
<BR><BR>[Stack]<UL><LI>Max Depth = 24<LI>Call Chain = HAL_DAC_SetValue
</UL>
<BR>[Calls]<UL><LI><a href="#[3c]">&gt;&gt;</a>&nbsp;&nbsp;&nbsp;assert_failed
</UL>
<BR>[Called By]<UL><LI><a href="#[33]">&gt;&gt;</a>&nbsp;&nbsp;&nbsp;main
</UL>

<P><STRONG><a name="[41]"></a>HAL_DAC_Start</STRONG> (Thumb, 100 bytes, Stack size 16 bytes, stm32f1xx_hal_dac.o(i.HAL_DAC_Start))
<BR><BR>[Stack]<UL><LI>Max Depth = 16<LI>Call Chain = HAL_DAC_Start
</UL>
<BR>[Calls]<UL><LI><a href="#[3c]">&gt;&gt;</a>&nbsp;&nbsp;&nbsp;assert_failed
</UL>
<BR>[Called By]<UL><LI><a href="#[33]">&gt;&gt;</a>&nbsp;&nbsp;&nbsp;main
</UL>

<P><STRONG><a name="[42]"></a>HAL_Delay</STRONG> (Thumb, 22 bytes, Stack size 16 bytes, stm32f1xx_hal.o(i.HAL_Delay))
<BR><BR>[Stack]<UL><LI>Max Depth = 16<LI>Call Chain = HAL_Delay
</UL>
<BR>[Calls]<UL><LI><a href="#[43]">&gt;&gt;</a>&nbsp;&nbsp;&nbsp;HAL_GetTick
</UL>
<BR>[Called By]<UL><LI><a href="#[53]">&gt;&gt;</a>&nbsp;&nbsp;&nbsp;HAL_RCC_OscConfig
<LI><a href="#[33]">&gt;&gt;</a>&nbsp;&nbsp;&nbsp;main
</UL>

<P><STRONG><a name="[3f]"></a>HAL_GPIO_Init</STRONG> (Thumb, 664 bytes, Stack size 40 bytes, stm32f1xx_hal_gpio.o(i.HAL_GPIO_Init))
<BR><BR>[Stack]<UL><LI>Max Depth = 40<LI>Call Chain = HAL_GPIO_Init
</UL>
<BR>[Calls]<UL><LI><a href="#[3c]">&gt;&gt;</a>&nbsp;&nbsp;&nbsp;assert_failed
</UL>
<BR>[Called By]<UL><LI><a href="#[71]">&gt;&gt;</a>&nbsp;&nbsp;&nbsp;HAL_TIM_MspPostInit
<LI><a href="#[59]">&gt;&gt;</a>&nbsp;&nbsp;&nbsp;HAL_TIM_Base_MspInit
<LI><a href="#[46]">&gt;&gt;</a>&nbsp;&nbsp;&nbsp;HAL_I2C_MspInit
<LI><a href="#[7a]">&gt;&gt;</a>&nbsp;&nbsp;&nbsp;MX_GPIO_Init
<LI><a href="#[3e]">&gt;&gt;</a>&nbsp;&nbsp;&nbsp;HAL_DAC_MspInit
</UL>

<P><STRONG><a name="[44]"></a>HAL_GPIO_WritePin</STRONG> (Thumb, 46 bytes, Stack size 16 bytes, stm32f1xx_hal_gpio.o(i.HAL_GPIO_WritePin))
<BR><BR>[Stack]<UL><LI>Max Depth = 16<LI>Call Chain = HAL_GPIO_WritePin
</UL>
<BR>[Calls]<UL><LI><a href="#[3c]">&gt;&gt;</a>&nbsp;&nbsp;&nbsp;assert_failed
</UL>
<BR>[Called By]<UL><LI><a href="#[60]">&gt;&gt;</a>&nbsp;&nbsp;&nbsp;HAL_TIM_IC_CaptureCallback
<LI><a href="#[7a]">&gt;&gt;</a>&nbsp;&nbsp;&nbsp;MX_GPIO_Init
<LI><a href="#[33]">&gt;&gt;</a>&nbsp;&nbsp;&nbsp;main
</UL>

<P><STRONG><a name="[43]"></a>HAL_GetTick</STRONG> (Thumb, 6 bytes, Stack size 0 bytes, stm32f1xx_hal.o(i.HAL_GetTick))
<BR><BR>[Called By]<UL><LI><a href="#[53]">&gt;&gt;</a>&nbsp;&nbsp;&nbsp;HAL_RCC_OscConfig
<LI><a href="#[51]">&gt;&gt;</a>&nbsp;&nbsp;&nbsp;HAL_RCC_ClockConfig
<LI><a href="#[42]">&gt;&gt;</a>&nbsp;&nbsp;&nbsp;HAL_Delay
</UL>

<P><STRONG><a name="[45]"></a>HAL_I2C_Init</STRONG> (Thumb, 392 bytes, Stack size 16 bytes, stm32f1xx_hal_i2c.o(i.HAL_I2C_Init))
<BR><BR>[Stack]<UL><LI>Max Depth = 80<LI>Call Chain = HAL_I2C_Init &rArr; HAL_I2C_MspInit &rArr; HAL_GPIO_Init
</UL>
<BR>[Calls]<UL><LI><a href="#[46]">&gt;&gt;</a>&nbsp;&nbsp;&nbsp;HAL_I2C_MspInit
<LI><a href="#[47]">&gt;&gt;</a>&nbsp;&nbsp;&nbsp;HAL_RCC_GetPCLK1Freq
<LI><a href="#[3c]">&gt;&gt;</a>&nbsp;&nbsp;&nbsp;assert_failed
</UL>
<BR>[Called By]<UL><LI><a href="#[7b]">&gt;&gt;</a>&nbsp;&nbsp;&nbsp;MX_I2C1_Init
</UL>

<P><STRONG><a name="[46]"></a>HAL_I2C_MspInit</STRONG> (Thumb, 54 bytes, Stack size 24 bytes, i2c.o(i.HAL_I2C_MspInit))
<BR><BR>[Stack]<UL><LI>Max Depth = 64<LI>Call Chain = HAL_I2C_MspInit &rArr; HAL_GPIO_Init
</UL>
<BR>[Calls]<UL><LI><a href="#[3f]">&gt;&gt;</a>&nbsp;&nbsp;&nbsp;HAL_GPIO_Init
</UL>
<BR>[Called By]<UL><LI><a href="#[45]">&gt;&gt;</a>&nbsp;&nbsp;&nbsp;HAL_I2C_Init
</UL>

<P><STRONG><a name="[7f]"></a>HAL_IncTick</STRONG> (Thumb, 10 bytes, Stack size 0 bytes, stm32f1xx_hal.o(i.HAL_IncTick))
<BR><BR>[Called By]<UL><LI><a href="#[9]">&gt;&gt;</a>&nbsp;&nbsp;&nbsp;SysTick_Handler
</UL>

<P><STRONG><a name="[48]"></a>HAL_Init</STRONG> (Thumb, 22 bytes, Stack size 8 bytes, stm32f1xx_hal.o(i.HAL_Init))
<BR><BR>[Stack]<UL><LI>Max Depth = 32<LI>Call Chain = HAL_Init &rArr; HAL_MspInit &rArr; HAL_NVIC_SetPriority
</UL>
<BR>[Calls]<UL><LI><a href="#[49]">&gt;&gt;</a>&nbsp;&nbsp;&nbsp;HAL_NVIC_SetPriorityGrouping
<LI><a href="#[4b]">&gt;&gt;</a>&nbsp;&nbsp;&nbsp;HAL_MspInit
<LI><a href="#[4a]">&gt;&gt;</a>&nbsp;&nbsp;&nbsp;HAL_InitTick
</UL>
<BR>[Called By]<UL><LI><a href="#[33]">&gt;&gt;</a>&nbsp;&nbsp;&nbsp;main
</UL>

<P><STRONG><a name="[4a]"></a>HAL_InitTick</STRONG> (Thumb, 34 bytes, Stack size 8 bytes, stm32f1xx_hal.o(i.HAL_InitTick))
<BR><BR>[Stack]<UL><LI>Max Depth = 24<LI>Call Chain = HAL_InitTick &rArr; HAL_NVIC_SetPriority
</UL>
<BR>[Calls]<UL><LI><a href="#[4d]">&gt;&gt;</a>&nbsp;&nbsp;&nbsp;HAL_SYSTICK_Config
<LI><a href="#[4c]">&gt;&gt;</a>&nbsp;&nbsp;&nbsp;HAL_RCC_GetHCLKFreq
<LI><a href="#[4e]">&gt;&gt;</a>&nbsp;&nbsp;&nbsp;HAL_NVIC_SetPriority
</UL>
<BR>[Called By]<UL><LI><a href="#[51]">&gt;&gt;</a>&nbsp;&nbsp;&nbsp;HAL_RCC_ClockConfig
<LI><a href="#[48]">&gt;&gt;</a>&nbsp;&nbsp;&nbsp;HAL_Init
</UL>

<P><STRONG><a name="[4b]"></a>HAL_MspInit</STRONG> (Thumb, 118 bytes, Stack size 8 bytes, stm32f1xx_hal_msp.o(i.HAL_MspInit))
<BR><BR>[Stack]<UL><LI>Max Depth = 24<LI>Call Chain = HAL_MspInit &rArr; HAL_NVIC_SetPriority
</UL>
<BR>[Calls]<UL><LI><a href="#[49]">&gt;&gt;</a>&nbsp;&nbsp;&nbsp;HAL_NVIC_SetPriorityGrouping
<LI><a href="#[4e]">&gt;&gt;</a>&nbsp;&nbsp;&nbsp;HAL_NVIC_SetPriority
</UL>
<BR>[Called By]<UL><LI><a href="#[48]">&gt;&gt;</a>&nbsp;&nbsp;&nbsp;HAL_Init
</UL>

<P><STRONG><a name="[4f]"></a>HAL_NVIC_EnableIRQ</STRONG> (Thumb, 36 bytes, Stack size 8 bytes, stm32f1xx_hal_cortex.o(i.HAL_NVIC_EnableIRQ))
<BR><BR>[Stack]<UL><LI>Max Depth = 8<LI>Call Chain = HAL_NVIC_EnableIRQ
</UL>
<BR>[Calls]<UL><LI><a href="#[3c]">&gt;&gt;</a>&nbsp;&nbsp;&nbsp;assert_failed
</UL>
<BR>[Called By]<UL><LI><a href="#[59]">&gt;&gt;</a>&nbsp;&nbsp;&nbsp;HAL_TIM_Base_MspInit
</UL>

<P><STRONG><a name="[4e]"></a>HAL_NVIC_SetPriority</STRONG> (Thumb, 94 bytes, Stack size 16 bytes, stm32f1xx_hal_cortex.o(i.HAL_NVIC_SetPriority))
<BR><BR>[Stack]<UL><LI>Max Depth = 16<LI>Call Chain = HAL_NVIC_SetPriority
</UL>
<BR>[Calls]<UL><LI><a href="#[3c]">&gt;&gt;</a>&nbsp;&nbsp;&nbsp;assert_failed
<LI><a href="#[50]">&gt;&gt;</a>&nbsp;&nbsp;&nbsp;NVIC_SetPriority
</UL>
<BR>[Called By]<UL><LI><a href="#[59]">&gt;&gt;</a>&nbsp;&nbsp;&nbsp;HAL_TIM_Base_MspInit
<LI><a href="#[4b]">&gt;&gt;</a>&nbsp;&nbsp;&nbsp;HAL_MspInit
<LI><a href="#[80]">&gt;&gt;</a>&nbsp;&nbsp;&nbsp;SystemClock_Config
<LI><a href="#[4a]">&gt;&gt;</a>&nbsp;&nbsp;&nbsp;HAL_InitTick
</UL>

<P><STRONG><a name="[49]"></a>HAL_NVIC_SetPriorityGrouping</STRONG> (Thumb, 58 bytes, Stack size 8 bytes, stm32f1xx_hal_cortex.o(i.HAL_NVIC_SetPriorityGrouping))
<BR><BR>[Stack]<UL><LI>Max Depth = 8<LI>Call Chain = HAL_NVIC_SetPriorityGrouping
</UL>
<BR>[Calls]<UL><LI><a href="#[3c]">&gt;&gt;</a>&nbsp;&nbsp;&nbsp;assert_failed
</UL>
<BR>[Called By]<UL><LI><a href="#[4b]">&gt;&gt;</a>&nbsp;&nbsp;&nbsp;HAL_MspInit
<LI><a href="#[48]">&gt;&gt;</a>&nbsp;&nbsp;&nbsp;HAL_Init
</UL>

<P><STRONG><a name="[51]"></a>HAL_RCC_ClockConfig</STRONG> (Thumb, 490 bytes, Stack size 32 bytes, stm32f1xx_hal_rcc.o(i.HAL_RCC_ClockConfig))
<BR><BR>[Stack]<UL><LI>Max Depth = 72<LI>Call Chain = HAL_RCC_ClockConfig &rArr; HAL_RCC_GetSysClockFreq
</UL>
<BR>[Calls]<UL><LI><a href="#[3c]">&gt;&gt;</a>&nbsp;&nbsp;&nbsp;assert_failed
<LI><a href="#[43]">&gt;&gt;</a>&nbsp;&nbsp;&nbsp;HAL_GetTick
<LI><a href="#[4a]">&gt;&gt;</a>&nbsp;&nbsp;&nbsp;HAL_InitTick
<LI><a href="#[52]">&gt;&gt;</a>&nbsp;&nbsp;&nbsp;HAL_RCC_GetSysClockFreq
</UL>
<BR>[Called By]<UL><LI><a href="#[80]">&gt;&gt;</a>&nbsp;&nbsp;&nbsp;SystemClock_Config
</UL>

<P><STRONG><a name="[4c]"></a>HAL_RCC_GetHCLKFreq</STRONG> (Thumb, 6 bytes, Stack size 0 bytes, stm32f1xx_hal_rcc.o(i.HAL_RCC_GetHCLKFreq))
<BR><BR>[Called By]<UL><LI><a href="#[80]">&gt;&gt;</a>&nbsp;&nbsp;&nbsp;SystemClock_Config
<LI><a href="#[4a]">&gt;&gt;</a>&nbsp;&nbsp;&nbsp;HAL_InitTick
</UL>

<P><STRONG><a name="[47]"></a>HAL_RCC_GetPCLK1Freq</STRONG> (Thumb, 34 bytes, Stack size 0 bytes, stm32f1xx_hal_rcc.o(i.HAL_RCC_GetPCLK1Freq))
<BR><BR>[Called By]<UL><LI><a href="#[45]">&gt;&gt;</a>&nbsp;&nbsp;&nbsp;HAL_I2C_Init
<LI><a href="#[33]">&gt;&gt;</a>&nbsp;&nbsp;&nbsp;main
</UL>

<P><STRONG><a name="[84]"></a>HAL_RCC_GetPCLK2Freq</STRONG> (Thumb, 34 bytes, Stack size 0 bytes, stm32f1xx_hal_rcc.o(i.HAL_RCC_GetPCLK2Freq))
<BR><BR>[Called By]<UL><LI><a href="#[33]">&gt;&gt;</a>&nbsp;&nbsp;&nbsp;main
</UL>

<P><STRONG><a name="[52]"></a>HAL_RCC_GetSysClockFreq</STRONG> (Thumb, 104 bytes, Stack size 40 bytes, stm32f1xx_hal_rcc.o(i.HAL_RCC_GetSysClockFreq))
<BR><BR>[Stack]<UL><LI>Max Depth = 40<LI>Call Chain = HAL_RCC_GetSysClockFreq
</UL>
<BR>[Called By]<UL><LI><a href="#[51]">&gt;&gt;</a>&nbsp;&nbsp;&nbsp;HAL_RCC_ClockConfig
</UL>

<P><STRONG><a name="[53]"></a>HAL_RCC_OscConfig</STRONG> (Thumb, 1842 bytes, Stack size 40 bytes, stm32f1xx_hal_rcc.o(i.HAL_RCC_OscConfig))
<BR><BR>[Stack]<UL><LI>Max Depth = 56<LI>Call Chain = HAL_RCC_OscConfig &rArr; HAL_Delay
</UL>
<BR>[Calls]<UL><LI><a href="#[42]">&gt;&gt;</a>&nbsp;&nbsp;&nbsp;HAL_Delay
<LI><a href="#[3c]">&gt;&gt;</a>&nbsp;&nbsp;&nbsp;assert_failed
<LI><a href="#[43]">&gt;&gt;</a>&nbsp;&nbsp;&nbsp;HAL_GetTick
</UL>
<BR>[Called By]<UL><LI><a href="#[80]">&gt;&gt;</a>&nbsp;&nbsp;&nbsp;SystemClock_Config
</UL>

<P><STRONG><a name="[54]"></a>HAL_SYSTICK_CLKSourceConfig</STRONG> (Thumb, 40 bytes, Stack size 8 bytes, stm32f1xx_hal_cortex.o(i.HAL_SYSTICK_CLKSourceConfig))
<BR><BR>[Stack]<UL><LI>Max Depth = 8<LI>Call Chain = HAL_SYSTICK_CLKSourceConfig
</UL>
<BR>[Calls]<UL><LI><a href="#[3c]">&gt;&gt;</a>&nbsp;&nbsp;&nbsp;assert_failed
</UL>
<BR>[Called By]<UL><LI><a href="#[80]">&gt;&gt;</a>&nbsp;&nbsp;&nbsp;SystemClock_Config
</UL>

<P><STRONG><a name="[56]"></a>HAL_SYSTICK_Callback</STRONG> (Thumb, 2 bytes, Stack size 0 bytes, stm32f1xx_hal_cortex.o(i.HAL_SYSTICK_Callback))
<BR><BR>[Called By]<UL><LI><a href="#[55]">&gt;&gt;</a>&nbsp;&nbsp;&nbsp;HAL_SYSTICK_IRQHandler
</UL>

<P><STRONG><a name="[4d]"></a>HAL_SYSTICK_Config</STRONG> (Thumb, 40 bytes, Stack size 8 bytes, stm32f1xx_hal_cortex.o(i.HAL_SYSTICK_Config))
<BR><BR>[Stack]<UL><LI>Max Depth = 8<LI>Call Chain = HAL_SYSTICK_Config
</UL>
<BR>[Calls]<UL><LI><a href="#[50]">&gt;&gt;</a>&nbsp;&nbsp;&nbsp;NVIC_SetPriority
</UL>
<BR>[Called By]<UL><LI><a href="#[80]">&gt;&gt;</a>&nbsp;&nbsp;&nbsp;SystemClock_Config
<LI><a href="#[4a]">&gt;&gt;</a>&nbsp;&nbsp;&nbsp;HAL_InitTick
</UL>

<P><STRONG><a name="[55]"></a>HAL_SYSTICK_IRQHandler</STRONG> (Thumb, 8 bytes, Stack size 8 bytes, stm32f1xx_hal_cortex.o(i.HAL_SYSTICK_IRQHandler))
<BR><BR>[Stack]<UL><LI>Max Depth = 8<LI>Call Chain = HAL_SYSTICK_IRQHandler
</UL>
<BR>[Calls]<UL><LI><a href="#[56]">&gt;&gt;</a>&nbsp;&nbsp;&nbsp;HAL_SYSTICK_Callback
</UL>
<BR>[Called By]<UL><LI><a href="#[9]">&gt;&gt;</a>&nbsp;&nbsp;&nbsp;SysTick_Handler
</UL>

<P><STRONG><a name="[6e]"></a>HAL_TIMEx_BreakCallback</STRONG> (Thumb, 2 bytes, Stack size 0 bytes, stm32f1xx_hal_tim_ex.o(i.HAL_TIMEx_BreakCallback))
<BR><BR>[Called By]<UL><LI><a href="#[6a]">&gt;&gt;</a>&nbsp;&nbsp;&nbsp;HAL_TIM_IRQHandler
</UL>

<P><STRONG><a name="[70]"></a>HAL_TIMEx_CommutationCallback</STRONG> (Thumb, 2 bytes, Stack size 0 bytes, stm32f1xx_hal_tim_ex.o(i.HAL_TIMEx_CommutationCallback))
<BR><BR>[Called By]<UL><LI><a href="#[6a]">&gt;&gt;</a>&nbsp;&nbsp;&nbsp;HAL_TIM_IRQHandler
</UL>

<P><STRONG><a name="[57]"></a>HAL_TIMEx_MasterConfigSynchronization</STRONG> (Thumb, 196 bytes, Stack size 16 bytes, stm32f1xx_hal_tim_ex.o(i.HAL_TIMEx_MasterConfigSynchronization))
<BR><BR>[Stack]<UL><LI>Max Depth = 16<LI>Call Chain = HAL_TIMEx_MasterConfigSynchronization
</UL>
<BR>[Calls]<UL><LI><a href="#[3c]">&gt;&gt;</a>&nbsp;&nbsp;&nbsp;assert_failed
</UL>
<BR>[Called By]<UL><LI><a href="#[7e]">&gt;&gt;</a>&nbsp;&nbsp;&nbsp;MX_TIM3_Init
<LI><a href="#[7d]">&gt;&gt;</a>&nbsp;&nbsp;&nbsp;MX_TIM2_Init
<LI><a href="#[7c]">&gt;&gt;</a>&nbsp;&nbsp;&nbsp;MX_TIM1_Init
</UL>

<P><STRONG><a name="[58]"></a>HAL_TIM_Base_Init</STRONG> (Thumb, 170 bytes, Stack size 8 bytes, stm32f1xx_hal_tim.o(i.HAL_TIM_Base_Init))
<BR><BR>[Stack]<UL><LI>Max Depth = 80<LI>Call Chain = HAL_TIM_Base_Init &rArr; HAL_TIM_Base_MspInit &rArr; HAL_GPIO_Init
</UL>
<BR>[Calls]<UL><LI><a href="#[59]">&gt;&gt;</a>&nbsp;&nbsp;&nbsp;HAL_TIM_Base_MspInit
<LI><a href="#[3c]">&gt;&gt;</a>&nbsp;&nbsp;&nbsp;assert_failed
<LI><a href="#[5a]">&gt;&gt;</a>&nbsp;&nbsp;&nbsp;TIM_Base_SetConfig
</UL>
<BR>[Called By]<UL><LI><a href="#[7e]">&gt;&gt;</a>&nbsp;&nbsp;&nbsp;MX_TIM3_Init
<LI><a href="#[7d]">&gt;&gt;</a>&nbsp;&nbsp;&nbsp;MX_TIM2_Init
<LI><a href="#[7c]">&gt;&gt;</a>&nbsp;&nbsp;&nbsp;MX_TIM1_Init
</UL>

<P><STRONG><a name="[59]"></a>HAL_TIM_Base_MspInit</STRONG> (Thumb, 130 bytes, Stack size 32 bytes, tim.o(i.HAL_TIM_Base_MspInit))
<BR><BR>[Stack]<UL><LI>Max Depth = 72<LI>Call Chain = HAL_TIM_Base_MspInit &rArr; HAL_GPIO_Init
</UL>
<BR>[Calls]<UL><LI><a href="#[4f]">&gt;&gt;</a>&nbsp;&nbsp;&nbsp;HAL_NVIC_EnableIRQ
<LI><a href="#[4e]">&gt;&gt;</a>&nbsp;&nbsp;&nbsp;HAL_NVIC_SetPriority
<LI><a href="#[3f]">&gt;&gt;</a>&nbsp;&nbsp;&nbsp;HAL_GPIO_Init
</UL>
<BR>[Called By]<UL><LI><a href="#[58]">&gt;&gt;</a>&nbsp;&nbsp;&nbsp;HAL_TIM_Base_Init
</UL>

<P><STRONG><a name="[5b]"></a>HAL_TIM_ConfigClockSource</STRONG> (Thumb, 936 bytes, Stack size 40 bytes, stm32f1xx_hal_tim.o(i.HAL_TIM_ConfigClockSource))
<BR><BR>[Stack]<UL><LI>Max Depth = 48<LI>Call Chain = HAL_TIM_ConfigClockSource &rArr; TIM_TI2_ConfigInputStage
</UL>
<BR>[Calls]<UL><LI><a href="#[3c]">&gt;&gt;</a>&nbsp;&nbsp;&nbsp;assert_failed
<LI><a href="#[5e]">&gt;&gt;</a>&nbsp;&nbsp;&nbsp;TIM_TI2_ConfigInputStage
<LI><a href="#[5d]">&gt;&gt;</a>&nbsp;&nbsp;&nbsp;TIM_TI1_ConfigInputStage
<LI><a href="#[5f]">&gt;&gt;</a>&nbsp;&nbsp;&nbsp;TIM_ITRx_SetConfig
<LI><a href="#[5c]">&gt;&gt;</a>&nbsp;&nbsp;&nbsp;TIM_ETR_SetConfig
</UL>
<BR>[Called By]<UL><LI><a href="#[7e]">&gt;&gt;</a>&nbsp;&nbsp;&nbsp;MX_TIM3_Init
<LI><a href="#[7d]">&gt;&gt;</a>&nbsp;&nbsp;&nbsp;MX_TIM2_Init
<LI><a href="#[7c]">&gt;&gt;</a>&nbsp;&nbsp;&nbsp;MX_TIM1_Init
</UL>

<P><STRONG><a name="[60]"></a>HAL_TIM_IC_CaptureCallback</STRONG> (Thumb, 82 bytes, Stack size 16 bytes, tim.o(i.HAL_TIM_IC_CaptureCallback))
<BR><BR>[Stack]<UL><LI>Max Depth = 48<LI>Call Chain = HAL_TIM_IC_CaptureCallback &rArr; HAL_TIM_IC_Stop_IT &rArr; TIM_CCxChannelCmd
</UL>
<BR>[Calls]<UL><LI><a href="#[61]">&gt;&gt;</a>&nbsp;&nbsp;&nbsp;HAL_TIM_ReadCapturedValue
<LI><a href="#[63]">&gt;&gt;</a>&nbsp;&nbsp;&nbsp;HAL_TIM_IC_Stop_IT
<LI><a href="#[44]">&gt;&gt;</a>&nbsp;&nbsp;&nbsp;HAL_GPIO_WritePin
<LI><a href="#[3a]">&gt;&gt;</a>&nbsp;&nbsp;&nbsp;Error_Handler
<LI><a href="#[62]">&gt;&gt;</a>&nbsp;&nbsp;&nbsp;__2printf
</UL>
<BR>[Called By]<UL><LI><a href="#[6a]">&gt;&gt;</a>&nbsp;&nbsp;&nbsp;HAL_TIM_IRQHandler
</UL>

<P><STRONG><a name="[64]"></a>HAL_TIM_IC_ConfigChannel</STRONG> (Thumb, 526 bytes, Stack size 40 bytes, stm32f1xx_hal_tim.o(i.HAL_TIM_IC_ConfigChannel))
<BR><BR>[Stack]<UL><LI>Max Depth = 56<LI>Call Chain = HAL_TIM_IC_ConfigChannel &rArr; TIM_TI1_SetConfig
</UL>
<BR>[Calls]<UL><LI><a href="#[3c]">&gt;&gt;</a>&nbsp;&nbsp;&nbsp;assert_failed
<LI><a href="#[65]">&gt;&gt;</a>&nbsp;&nbsp;&nbsp;TIM_TI1_SetConfig
<LI><a href="#[66]">&gt;&gt;</a>&nbsp;&nbsp;&nbsp;TIM_TI2_SetConfig
</UL>
<BR>[Called By]<UL><LI><a href="#[7c]">&gt;&gt;</a>&nbsp;&nbsp;&nbsp;MX_TIM1_Init
</UL>

<P><STRONG><a name="[67]"></a>HAL_TIM_IC_Init</STRONG> (Thumb, 176 bytes, Stack size 8 bytes, stm32f1xx_hal_tim.o(i.HAL_TIM_IC_Init))
<BR><BR>[Stack]<UL><LI>Max Depth = 28<LI>Call Chain = HAL_TIM_IC_Init &rArr; TIM_Base_SetConfig
</UL>
<BR>[Calls]<UL><LI><a href="#[3c]">&gt;&gt;</a>&nbsp;&nbsp;&nbsp;assert_failed
<LI><a href="#[5a]">&gt;&gt;</a>&nbsp;&nbsp;&nbsp;TIM_Base_SetConfig
<LI><a href="#[68]">&gt;&gt;</a>&nbsp;&nbsp;&nbsp;HAL_TIM_IC_MspInit
</UL>
<BR>[Called By]<UL><LI><a href="#[7c]">&gt;&gt;</a>&nbsp;&nbsp;&nbsp;MX_TIM1_Init
</UL>

<P><STRONG><a name="[68]"></a>HAL_TIM_IC_MspInit</STRONG> (Thumb, 2 bytes, Stack size 0 bytes, stm32f1xx_hal_tim.o(i.HAL_TIM_IC_MspInit))
<BR><BR>[Called By]<UL><LI><a href="#[67]">&gt;&gt;</a>&nbsp;&nbsp;&nbsp;HAL_TIM_IC_Init
</UL>

<P><STRONG><a name="[63]"></a>HAL_TIM_IC_Stop_IT</STRONG> (Thumb, 228 bytes, Stack size 16 bytes, stm32f1xx_hal_tim.o(i.HAL_TIM_IC_Stop_IT))
<BR><BR>[Stack]<UL><LI>Max Depth = 32<LI>Call Chain = HAL_TIM_IC_Stop_IT &rArr; TIM_CCxChannelCmd
</UL>
<BR>[Calls]<UL><LI><a href="#[3c]">&gt;&gt;</a>&nbsp;&nbsp;&nbsp;assert_failed
<LI><a href="#[69]">&gt;&gt;</a>&nbsp;&nbsp;&nbsp;TIM_CCxChannelCmd
</UL>
<BR>[Called By]<UL><LI><a href="#[60]">&gt;&gt;</a>&nbsp;&nbsp;&nbsp;HAL_TIM_IC_CaptureCallback
</UL>

<P><STRONG><a name="[6a]"></a>HAL_TIM_IRQHandler</STRONG> (Thumb, 358 bytes, Stack size 16 bytes, stm32f1xx_hal_tim.o(i.HAL_TIM_IRQHandler))
<BR><BR>[Stack]<UL><LI>Max Depth = 64<LI>Call Chain = HAL_TIM_IRQHandler &rArr; HAL_TIM_IC_CaptureCallback &rArr; HAL_TIM_IC_Stop_IT &rArr; TIM_CCxChannelCmd
</UL>
<BR>[Calls]<UL><LI><a href="#[60]">&gt;&gt;</a>&nbsp;&nbsp;&nbsp;HAL_TIM_IC_CaptureCallback
<LI><a href="#[70]">&gt;&gt;</a>&nbsp;&nbsp;&nbsp;HAL_TIMEx_CommutationCallback
<LI><a href="#[6e]">&gt;&gt;</a>&nbsp;&nbsp;&nbsp;HAL_TIMEx_BreakCallback
<LI><a href="#[6f]">&gt;&gt;</a>&nbsp;&nbsp;&nbsp;HAL_TIM_TriggerCallback
<LI><a href="#[6d]">&gt;&gt;</a>&nbsp;&nbsp;&nbsp;HAL_TIM_PeriodElapsedCallback
<LI><a href="#[6c]">&gt;&gt;</a>&nbsp;&nbsp;&nbsp;HAL_TIM_PWM_PulseFinishedCallback
<LI><a href="#[6b]">&gt;&gt;</a>&nbsp;&nbsp;&nbsp;HAL_TIM_OC_DelayElapsedCallback
</UL>
<BR>[Called By]<UL><LI><a href="#[21]">&gt;&gt;</a>&nbsp;&nbsp;&nbsp;TIM1_CC_IRQHandler
</UL>

<P><STRONG><a name="[71]"></a>HAL_TIM_MspPostInit</STRONG> (Thumb, 30 bytes, Stack size 24 bytes, tim.o(i.HAL_TIM_MspPostInit))
<BR><BR>[Stack]<UL><LI>Max Depth = 64<LI>Call Chain = HAL_TIM_MspPostInit &rArr; HAL_GPIO_Init
</UL>
<BR>[Calls]<UL><LI><a href="#[3f]">&gt;&gt;</a>&nbsp;&nbsp;&nbsp;HAL_GPIO_Init
</UL>
<BR>[Called By]<UL><LI><a href="#[7e]">&gt;&gt;</a>&nbsp;&nbsp;&nbsp;MX_TIM3_Init
</UL>

<P><STRONG><a name="[6b]"></a>HAL_TIM_OC_DelayElapsedCallback</STRONG> (Thumb, 2 bytes, Stack size 0 bytes, stm32f1xx_hal_tim.o(i.HAL_TIM_OC_DelayElapsedCallback))
<BR><BR>[Called By]<UL><LI><a href="#[6a]">&gt;&gt;</a>&nbsp;&nbsp;&nbsp;HAL_TIM_IRQHandler
</UL>

<P><STRONG><a name="[72]"></a>HAL_TIM_PWM_ConfigChannel</STRONG> (Thumb, 452 bytes, Stack size 24 bytes, stm32f1xx_hal_tim.o(i.HAL_TIM_PWM_ConfigChannel))
<BR><BR>[Stack]<UL><LI>Max Depth = 64<LI>Call Chain = HAL_TIM_PWM_ConfigChannel &rArr; TIM_OC1_SetConfig
</UL>
<BR>[Calls]<UL><LI><a href="#[3c]">&gt;&gt;</a>&nbsp;&nbsp;&nbsp;assert_failed
<LI><a href="#[74]">&gt;&gt;</a>&nbsp;&nbsp;&nbsp;TIM_OC2_SetConfig
<LI><a href="#[76]">&gt;&gt;</a>&nbsp;&nbsp;&nbsp;TIM_OC4_SetConfig
<LI><a href="#[75]">&gt;&gt;</a>&nbsp;&nbsp;&nbsp;TIM_OC3_SetConfig
<LI><a href="#[73]">&gt;&gt;</a>&nbsp;&nbsp;&nbsp;TIM_OC1_SetConfig
</UL>
<BR>[Called By]<UL><LI><a href="#[7e]">&gt;&gt;</a>&nbsp;&nbsp;&nbsp;MX_TIM3_Init
</UL>

<P><STRONG><a name="[77]"></a>HAL_TIM_PWM_Init</STRONG> (Thumb, 176 bytes, Stack size 8 bytes, stm32f1xx_hal_tim.o(i.HAL_TIM_PWM_Init))
<BR><BR>[Stack]<UL><LI>Max Depth = 28<LI>Call Chain = HAL_TIM_PWM_Init &rArr; TIM_Base_SetConfig
</UL>
<BR>[Calls]<UL><LI><a href="#[3c]">&gt;&gt;</a>&nbsp;&nbsp;&nbsp;assert_failed
<LI><a href="#[5a]">&gt;&gt;</a>&nbsp;&nbsp;&nbsp;TIM_Base_SetConfig
<LI><a href="#[78]">&gt;&gt;</a>&nbsp;&nbsp;&nbsp;HAL_TIM_PWM_MspInit
</UL>
<BR>[Called By]<UL><LI><a href="#[7e]">&gt;&gt;</a>&nbsp;&nbsp;&nbsp;MX_TIM3_Init
</UL>

<P><STRONG><a name="[78]"></a>HAL_TIM_PWM_MspInit</STRONG> (Thumb, 2 bytes, Stack size 0 bytes, stm32f1xx_hal_tim.o(i.HAL_TIM_PWM_MspInit))
<BR><BR>[Called By]<UL><LI><a href="#[77]">&gt;&gt;</a>&nbsp;&nbsp;&nbsp;HAL_TIM_PWM_Init
</UL>

<P><STRONG><a name="[6c]"></a>HAL_TIM_PWM_PulseFinishedCallback</STRONG> (Thumb, 2 bytes, Stack size 0 bytes, stm32f1xx_hal_tim.o(i.HAL_TIM_PWM_PulseFinishedCallback))
<BR><BR>[Called By]<UL><LI><a href="#[6a]">&gt;&gt;</a>&nbsp;&nbsp;&nbsp;HAL_TIM_IRQHandler
</UL>

<P><STRONG><a name="[6d]"></a>HAL_TIM_PeriodElapsedCallback</STRONG> (Thumb, 2 bytes, Stack size 0 bytes, stm32f1xx_hal_tim.o(i.HAL_TIM_PeriodElapsedCallback))
<BR><BR>[Called By]<UL><LI><a href="#[6a]">&gt;&gt;</a>&nbsp;&nbsp;&nbsp;HAL_TIM_IRQHandler
</UL>

<P><STRONG><a name="[61]"></a>HAL_TIM_ReadCapturedValue</STRONG> (Thumb, 218 bytes, Stack size 24 bytes, stm32f1xx_hal_tim.o(i.HAL_TIM_ReadCapturedValue))
<BR><BR>[Stack]<UL><LI>Max Depth = 24<LI>Call Chain = HAL_TIM_ReadCapturedValue
</UL>
<BR>[Calls]<UL><LI><a href="#[3c]">&gt;&gt;</a>&nbsp;&nbsp;&nbsp;assert_failed
</UL>
<BR>[Called By]<UL><LI><a href="#[60]">&gt;&gt;</a>&nbsp;&nbsp;&nbsp;HAL_TIM_IC_CaptureCallback
</UL>

<P><STRONG><a name="[6f]"></a>HAL_TIM_TriggerCallback</STRONG> (Thumb, 2 bytes, Stack size 0 bytes, stm32f1xx_hal_tim.o(i.HAL_TIM_TriggerCallback))
<BR><BR>[Called By]<UL><LI><a href="#[6a]">&gt;&gt;</a>&nbsp;&nbsp;&nbsp;HAL_TIM_IRQHandler
</UL>

<P><STRONG><a name="[2]"></a>HardFault_Handler</STRONG> (Thumb, 2 bytes, Stack size 0 bytes, stm32f1xx_it.o(i.HardFault_Handler))
<BR><BR>[Calls]<UL><LI><a href="#[2]">&gt;&gt;</a>&nbsp;&nbsp;&nbsp;HardFault_Handler
</UL>
<BR>[Called By]<UL><LI><a href="#[2]">&gt;&gt;</a>&nbsp;&nbsp;&nbsp;HardFault_Handler
</UL>
<BR>[Address Reference Count : 1]<UL><LI> startup_stm32f100xb.o(RESET)
</UL>
<P><STRONG><a name="[79]"></a>MX_DAC_Init</STRONG> (Thumb, 46 bytes, Stack size 16 bytes, dac.o(i.MX_DAC_Init))
<BR><BR>[Stack]<UL><LI>Max Depth = 96<LI>Call Chain = MX_DAC_Init &rArr; HAL_DAC_Init &rArr; HAL_DAC_MspInit &rArr; HAL_GPIO_Init
</UL>
<BR>[Calls]<UL><LI><a href="#[3d]">&gt;&gt;</a>&nbsp;&nbsp;&nbsp;HAL_DAC_Init
<LI><a href="#[3b]">&gt;&gt;</a>&nbsp;&nbsp;&nbsp;HAL_DAC_ConfigChannel
<LI><a href="#[3a]">&gt;&gt;</a>&nbsp;&nbsp;&nbsp;Error_Handler
</UL>
<BR>[Called By]<UL><LI><a href="#[33]">&gt;&gt;</a>&nbsp;&nbsp;&nbsp;main
</UL>

<P><STRONG><a name="[7a]"></a>MX_GPIO_Init</STRONG> (Thumb, 174 bytes, Stack size 40 bytes, gpio.o(i.MX_GPIO_Init))
<BR><BR>[Stack]<UL><LI>Max Depth = 80<LI>Call Chain = MX_GPIO_Init &rArr; HAL_GPIO_Init
</UL>
<BR>[Calls]<UL><LI><a href="#[44]">&gt;&gt;</a>&nbsp;&nbsp;&nbsp;HAL_GPIO_WritePin
<LI><a href="#[3f]">&gt;&gt;</a>&nbsp;&nbsp;&nbsp;HAL_GPIO_Init
</UL>
<BR>[Called By]<UL><LI><a href="#[33]">&gt;&gt;</a>&nbsp;&nbsp;&nbsp;main
</UL>

<P><STRONG><a name="[7b]"></a>MX_I2C1_Init</STRONG> (Thumb, 50 bytes, Stack size 8 bytes, i2c.o(i.MX_I2C1_Init))
<BR><BR>[Stack]<UL><LI>Max Depth = 88<LI>Call Chain = MX_I2C1_Init &rArr; HAL_I2C_Init &rArr; HAL_I2C_MspInit &rArr; HAL_GPIO_Init
</UL>
<BR>[Calls]<UL><LI><a href="#[45]">&gt;&gt;</a>&nbsp;&nbsp;&nbsp;HAL_I2C_Init
<LI><a href="#[3a]">&gt;&gt;</a>&nbsp;&nbsp;&nbsp;Error_Handler
</UL>
<BR>[Called By]<UL><LI><a href="#[33]">&gt;&gt;</a>&nbsp;&nbsp;&nbsp;main
</UL>

<P><STRONG><a name="[7c]"></a>MX_TIM1_Init</STRONG> (Thumb, 126 bytes, Stack size 48 bytes, tim.o(i.MX_TIM1_Init))
<BR><BR>[Stack]<UL><LI>Max Depth = 128<LI>Call Chain = MX_TIM1_Init &rArr; HAL_TIM_Base_Init &rArr; HAL_TIM_Base_MspInit &rArr; HAL_GPIO_Init
</UL>
<BR>[Calls]<UL><LI><a href="#[67]">&gt;&gt;</a>&nbsp;&nbsp;&nbsp;HAL_TIM_IC_Init
<LI><a href="#[64]">&gt;&gt;</a>&nbsp;&nbsp;&nbsp;HAL_TIM_IC_ConfigChannel
<LI><a href="#[5b]">&gt;&gt;</a>&nbsp;&nbsp;&nbsp;HAL_TIM_ConfigClockSource
<LI><a href="#[58]">&gt;&gt;</a>&nbsp;&nbsp;&nbsp;HAL_TIM_Base_Init
<LI><a href="#[57]">&gt;&gt;</a>&nbsp;&nbsp;&nbsp;HAL_TIMEx_MasterConfigSynchronization
<LI><a href="#[3a]">&gt;&gt;</a>&nbsp;&nbsp;&nbsp;Error_Handler
</UL>
<BR>[Called By]<UL><LI><a href="#[33]">&gt;&gt;</a>&nbsp;&nbsp;&nbsp;main
</UL>

<P><STRONG><a name="[7d]"></a>MX_TIM2_Init</STRONG> (Thumb, 86 bytes, Stack size 32 bytes, tim.o(i.MX_TIM2_Init))
<BR><BR>[Stack]<UL><LI>Max Depth = 112<LI>Call Chain = MX_TIM2_Init &rArr; HAL_TIM_Base_Init &rArr; HAL_TIM_Base_MspInit &rArr; HAL_GPIO_Init
</UL>
<BR>[Calls]<UL><LI><a href="#[5b]">&gt;&gt;</a>&nbsp;&nbsp;&nbsp;HAL_TIM_ConfigClockSource
<LI><a href="#[58]">&gt;&gt;</a>&nbsp;&nbsp;&nbsp;HAL_TIM_Base_Init
<LI><a href="#[57]">&gt;&gt;</a>&nbsp;&nbsp;&nbsp;HAL_TIMEx_MasterConfigSynchronization
<LI><a href="#[3a]">&gt;&gt;</a>&nbsp;&nbsp;&nbsp;Error_Handler
</UL>
<BR>[Called By]<UL><LI><a href="#[33]">&gt;&gt;</a>&nbsp;&nbsp;&nbsp;main
</UL>

<P><STRONG><a name="[7e]"></a>MX_TIM3_Init</STRONG> (Thumb, 116 bytes, Stack size 64 bytes, tim.o(i.MX_TIM3_Init))
<BR><BR>[Stack]<UL><LI>Max Depth = 144<LI>Call Chain = MX_TIM3_Init &rArr; HAL_TIM_Base_Init &rArr; HAL_TIM_Base_MspInit &rArr; HAL_GPIO_Init
</UL>
<BR>[Calls]<UL><LI><a href="#[77]">&gt;&gt;</a>&nbsp;&nbsp;&nbsp;HAL_TIM_PWM_Init
<LI><a href="#[72]">&gt;&gt;</a>&nbsp;&nbsp;&nbsp;HAL_TIM_PWM_ConfigChannel
<LI><a href="#[5b]">&gt;&gt;</a>&nbsp;&nbsp;&nbsp;HAL_TIM_ConfigClockSource
<LI><a href="#[58]">&gt;&gt;</a>&nbsp;&nbsp;&nbsp;HAL_TIM_Base_Init
<LI><a href="#[57]">&gt;&gt;</a>&nbsp;&nbsp;&nbsp;HAL_TIMEx_MasterConfigSynchronization
<LI><a href="#[71]">&gt;&gt;</a>&nbsp;&nbsp;&nbsp;HAL_TIM_MspPostInit
<LI><a href="#[3a]">&gt;&gt;</a>&nbsp;&nbsp;&nbsp;Error_Handler
</UL>
<BR>[Called By]<UL><LI><a href="#[33]">&gt;&gt;</a>&nbsp;&nbsp;&nbsp;main
</UL>

<P><STRONG><a name="[3]"></a>MemManage_Handler</STRONG> (Thumb, 2 bytes, Stack size 0 bytes, stm32f1xx_it.o(i.MemManage_Handler))
<BR><BR>[Calls]<UL><LI><a href="#[3]">&gt;&gt;</a>&nbsp;&nbsp;&nbsp;MemManage_Handler
</UL>
<BR>[Called By]<UL><LI><a href="#[3]">&gt;&gt;</a>&nbsp;&nbsp;&nbsp;MemManage_Handler
</UL>
<BR>[Address Reference Count : 1]<UL><LI> startup_stm32f100xb.o(RESET)
</UL>
<P><STRONG><a name="[1]"></a>NMI_Handler</STRONG> (Thumb, 2 bytes, Stack size 0 bytes, stm32f1xx_it.o(i.NMI_Handler))
<BR>[Address Reference Count : 1]<UL><LI> startup_stm32f100xb.o(RESET)
</UL>
<P><STRONG><a name="[8]"></a>PendSV_Handler</STRONG> (Thumb, 2 bytes, Stack size 0 bytes, stm32f1xx_it.o(i.PendSV_Handler))
<BR>[Address Reference Count : 1]<UL><LI> startup_stm32f100xb.o(RESET)
</UL>
<P><STRONG><a name="[6]"></a>SVC_Handler</STRONG> (Thumb, 2 bytes, Stack size 0 bytes, stm32f1xx_it.o(i.SVC_Handler))
<BR>[Address Reference Count : 1]<UL><LI> startup_stm32f100xb.o(RESET)
</UL>
<P><STRONG><a name="[9]"></a>SysTick_Handler</STRONG> (Thumb, 14 bytes, Stack size 8 bytes, stm32f1xx_it.o(i.SysTick_Handler))
<BR><BR>[Stack]<UL><LI>Max Depth = 16<LI>Call Chain = SysTick_Handler &rArr; HAL_SYSTICK_IRQHandler
</UL>
<BR>[Calls]<UL><LI><a href="#[55]">&gt;&gt;</a>&nbsp;&nbsp;&nbsp;HAL_SYSTICK_IRQHandler
<LI><a href="#[7f]">&gt;&gt;</a>&nbsp;&nbsp;&nbsp;HAL_IncTick
</UL>
<BR>[Address Reference Count : 1]<UL><LI> startup_stm32f100xb.o(RESET)
</UL>
<P><STRONG><a name="[80]"></a>SystemClock_Config</STRONG> (Thumb, 94 bytes, Stack size 72 bytes, main.o(i.SystemClock_Config))
<BR><BR>[Stack]<UL><LI>Max Depth = 144<LI>Call Chain = SystemClock_Config &rArr; HAL_RCC_ClockConfig &rArr; HAL_RCC_GetSysClockFreq
</UL>
<BR>[Calls]<UL><LI><a href="#[4d]">&gt;&gt;</a>&nbsp;&nbsp;&nbsp;HAL_SYSTICK_Config
<LI><a href="#[54]">&gt;&gt;</a>&nbsp;&nbsp;&nbsp;HAL_SYSTICK_CLKSourceConfig
<LI><a href="#[53]">&gt;&gt;</a>&nbsp;&nbsp;&nbsp;HAL_RCC_OscConfig
<LI><a href="#[4c]">&gt;&gt;</a>&nbsp;&nbsp;&nbsp;HAL_RCC_GetHCLKFreq
<LI><a href="#[51]">&gt;&gt;</a>&nbsp;&nbsp;&nbsp;HAL_RCC_ClockConfig
<LI><a href="#[4e]">&gt;&gt;</a>&nbsp;&nbsp;&nbsp;HAL_NVIC_SetPriority
</UL>
<BR>[Called By]<UL><LI><a href="#[33]">&gt;&gt;</a>&nbsp;&nbsp;&nbsp;main
</UL>

<P><STRONG><a name="[34]"></a>SystemInit</STRONG> (Thumb, 60 bytes, Stack size 0 bytes, system_stm32f1xx.o(i.SystemInit))
<BR>[Address Reference Count : 1]<UL><LI> startup_stm32f100xb.o(.text)
</UL>
<P><STRONG><a name="[21]"></a>TIM1_CC_IRQHandler</STRONG> (Thumb, 6 bytes, Stack size 0 bytes, stm32f1xx_it.o(i.TIM1_CC_IRQHandler))
<BR><BR>[Stack]<UL><LI>Max Depth = 64<LI>Call Chain = TIM1_CC_IRQHandler &rArr; HAL_TIM_IRQHandler &rArr; HAL_TIM_IC_CaptureCallback &rArr; HAL_TIM_IC_Stop_IT &rArr; TIM_CCxChannelCmd
</UL>
<BR>[Calls]<UL><LI><a href="#[6a]">&gt;&gt;</a>&nbsp;&nbsp;&nbsp;HAL_TIM_IRQHandler
</UL>
<BR>[Address Reference Count : 1]<UL><LI> startup_stm32f100xb.o(RESET)
</UL>
<P><STRONG><a name="[5a]"></a>TIM_Base_SetConfig</STRONG> (Thumb, 118 bytes, Stack size 20 bytes, stm32f1xx_hal_tim.o(i.TIM_Base_SetConfig))
<BR><BR>[Stack]<UL><LI>Max Depth = 20<LI>Call Chain = TIM_Base_SetConfig
</UL>
<BR>[Called By]<UL><LI><a href="#[77]">&gt;&gt;</a>&nbsp;&nbsp;&nbsp;HAL_TIM_PWM_Init
<LI><a href="#[67]">&gt;&gt;</a>&nbsp;&nbsp;&nbsp;HAL_TIM_IC_Init
<LI><a href="#[58]">&gt;&gt;</a>&nbsp;&nbsp;&nbsp;HAL_TIM_Base_Init
</UL>

<P><STRONG><a name="[69]"></a>TIM_CCxChannelCmd</STRONG> (Thumb, 108 bytes, Stack size 16 bytes, stm32f1xx_hal_tim.o(i.TIM_CCxChannelCmd))
<BR><BR>[Stack]<UL><LI>Max Depth = 16<LI>Call Chain = TIM_CCxChannelCmd
</UL>
<BR>[Calls]<UL><LI><a href="#[3c]">&gt;&gt;</a>&nbsp;&nbsp;&nbsp;assert_failed
</UL>
<BR>[Called By]<UL><LI><a href="#[63]">&gt;&gt;</a>&nbsp;&nbsp;&nbsp;HAL_TIM_IC_Stop_IT
</UL>

<P><STRONG><a name="[74]"></a>TIM_OC2_SetConfig</STRONG> (Thumb, 172 bytes, Stack size 24 bytes, stm32f1xx_hal_tim.o(i.TIM_OC2_SetConfig))
<BR><BR>[Stack]<UL><LI>Max Depth = 24<LI>Call Chain = TIM_OC2_SetConfig
</UL>
<BR>[Calls]<UL><LI><a href="#[3c]">&gt;&gt;</a>&nbsp;&nbsp;&nbsp;assert_failed
</UL>
<BR>[Called By]<UL><LI><a href="#[72]">&gt;&gt;</a>&nbsp;&nbsp;&nbsp;HAL_TIM_PWM_ConfigChannel
</UL>

<P><STRONG><a name="[65]"></a>TIM_TI1_SetConfig</STRONG> (Thumb, 82 bytes, Stack size 16 bytes, stm32f1xx_hal_tim.o(i.TIM_TI1_SetConfig))
<BR><BR>[Stack]<UL><LI>Max Depth = 16<LI>Call Chain = TIM_TI1_SetConfig
</UL>
<BR>[Called By]<UL><LI><a href="#[64]">&gt;&gt;</a>&nbsp;&nbsp;&nbsp;HAL_TIM_IC_ConfigChannel
</UL>

<P><STRONG><a name="[5]"></a>UsageFault_Handler</STRONG> (Thumb, 2 bytes, Stack size 0 bytes, stm32f1xx_it.o(i.UsageFault_Handler))
<BR><BR>[Calls]<UL><LI><a href="#[5]">&gt;&gt;</a>&nbsp;&nbsp;&nbsp;UsageFault_Handler
</UL>
<BR>[Called By]<UL><LI><a href="#[5]">&gt;&gt;</a>&nbsp;&nbsp;&nbsp;UsageFault_Handler
</UL>
<BR>[Address Reference Count : 1]<UL><LI> startup_stm32f100xb.o(RESET)
</UL>
<P><STRONG><a name="[81]"></a>__0printf$1</STRONG> (Thumb, 22 bytes, Stack size 24 bytes, printf1.o(i.__0printf$1), UNUSED)
<BR><BR>[Calls]<UL><LI><a href="#[82]">&gt;&gt;</a>&nbsp;&nbsp;&nbsp;_printf_core
</UL>

<P><STRONG><a name="[8d]"></a>__1printf$1</STRONG> (Thumb, 0 bytes, Stack size 24 bytes, printf1.o(i.__0printf$1), UNUSED)

<P><STRONG><a name="[62]"></a>__2printf</STRONG> (Thumb, 0 bytes, Stack size 24 bytes, printf1.o(i.__0printf$1))
<BR><BR>[Stack]<UL><LI>Max Depth = 24<LI>Call Chain = __2printf
</UL>
<BR>[Called By]<UL><LI><a href="#[60]">&gt;&gt;</a>&nbsp;&nbsp;&nbsp;HAL_TIM_IC_CaptureCallback
<LI><a href="#[33]">&gt;&gt;</a>&nbsp;&nbsp;&nbsp;main
</UL>

<P><STRONG><a name="[8e]"></a>__scatterload_copy</STRONG> (Thumb, 14 bytes, Stack size unknown bytes, handlers.o(i.__scatterload_copy), UNUSED)

<P><STRONG><a name="[8f]"></a>__scatterload_null</STRONG> (Thumb, 2 bytes, Stack size unknown bytes, handlers.o(i.__scatterload_null), UNUSED)

<P><STRONG><a name="[90]"></a>__scatterload_zeroinit</STRONG> (Thumb, 14 bytes, Stack size unknown bytes, handlers.o(i.__scatterload_zeroinit), UNUSED)

<P><STRONG><a name="[3c]"></a>assert_failed</STRONG> (Thumb, 2 bytes, Stack size 0 bytes, main.o(i.assert_failed))
<BR><BR>[Called By]<UL><LI><a href="#[61]">&gt;&gt;</a>&nbsp;&nbsp;&nbsp;HAL_TIM_ReadCapturedValue
<LI><a href="#[77]">&gt;&gt;</a>&nbsp;&nbsp;&nbsp;HAL_TIM_PWM_Init
<LI><a href="#[72]">&gt;&gt;</a>&nbsp;&nbsp;&nbsp;HAL_TIM_PWM_ConfigChannel
<LI><a href="#[63]">&gt;&gt;</a>&nbsp;&nbsp;&nbsp;HAL_TIM_IC_Stop_IT
<LI><a href="#[67]">&gt;&gt;</a>&nbsp;&nbsp;&nbsp;HAL_TIM_IC_Init
<LI><a href="#[64]">&gt;&gt;</a>&nbsp;&nbsp;&nbsp;HAL_TIM_IC_ConfigChannel
<LI><a href="#[5b]">&gt;&gt;</a>&nbsp;&nbsp;&nbsp;HAL_TIM_ConfigClockSource
<LI><a href="#[58]">&gt;&gt;</a>&nbsp;&nbsp;&nbsp;HAL_TIM_Base_Init
<LI><a href="#[57]">&gt;&gt;</a>&nbsp;&nbsp;&nbsp;HAL_TIMEx_MasterConfigSynchronization
<LI><a href="#[4f]">&gt;&gt;</a>&nbsp;&nbsp;&nbsp;HAL_NVIC_EnableIRQ
<LI><a href="#[45]">&gt;&gt;</a>&nbsp;&nbsp;&nbsp;HAL_I2C_Init
<LI><a href="#[49]">&gt;&gt;</a>&nbsp;&nbsp;&nbsp;HAL_NVIC_SetPriorityGrouping
<LI><a href="#[54]">&gt;&gt;</a>&nbsp;&nbsp;&nbsp;HAL_SYSTICK_CLKSourceConfig
<LI><a href="#[53]">&gt;&gt;</a>&nbsp;&nbsp;&nbsp;HAL_RCC_OscConfig
<LI><a href="#[51]">&gt;&gt;</a>&nbsp;&nbsp;&nbsp;HAL_RCC_ClockConfig
<LI><a href="#[4e]">&gt;&gt;</a>&nbsp;&nbsp;&nbsp;HAL_NVIC_SetPriority
<LI><a href="#[44]">&gt;&gt;</a>&nbsp;&nbsp;&nbsp;HAL_GPIO_WritePin
<LI><a href="#[41]">&gt;&gt;</a>&nbsp;&nbsp;&nbsp;HAL_DAC_Start
<LI><a href="#[40]">&gt;&gt;</a>&nbsp;&nbsp;&nbsp;HAL_DAC_SetValue
<LI><a href="#[3f]">&gt;&gt;</a>&nbsp;&nbsp;&nbsp;HAL_GPIO_Init
<LI><a href="#[3d]">&gt;&gt;</a>&nbsp;&nbsp;&nbsp;HAL_DAC_Init
<LI><a href="#[3b]">&gt;&gt;</a>&nbsp;&nbsp;&nbsp;HAL_DAC_ConfigChannel
<LI><a href="#[74]">&gt;&gt;</a>&nbsp;&nbsp;&nbsp;TIM_OC2_SetConfig
<LI><a href="#[69]">&gt;&gt;</a>&nbsp;&nbsp;&nbsp;TIM_CCxChannelCmd
<LI><a href="#[76]">&gt;&gt;</a>&nbsp;&nbsp;&nbsp;TIM_OC4_SetConfig
<LI><a href="#[75]">&gt;&gt;</a>&nbsp;&nbsp;&nbsp;TIM_OC3_SetConfig
<LI><a href="#[73]">&gt;&gt;</a>&nbsp;&nbsp;&nbsp;TIM_OC1_SetConfig
</UL>

<P><STRONG><a name="[36]"></a>fputc</STRONG> (Thumb, 22 bytes, Stack size 0 bytes, main.o(i.fputc))
<BR>[Address Reference Count : 1]<UL><LI> printf1.o(i.__0printf$1)
</UL>
<P><STRONG><a name="[33]"></a>main</STRONG> (Thumb, 144 bytes, Stack size 0 bytes, main.o(i.main))
<BR><BR>[Stack]<UL><LI>Max Depth = 144<LI>Call Chain = main &rArr; MX_TIM3_Init &rArr; HAL_TIM_Base_Init &rArr; HAL_TIM_Base_MspInit &rArr; HAL_GPIO_Init
</UL>
<BR>[Calls]<UL><LI><a href="#[7e]">&gt;&gt;</a>&nbsp;&nbsp;&nbsp;MX_TIM3_Init
<LI><a href="#[7d]">&gt;&gt;</a>&nbsp;&nbsp;&nbsp;MX_TIM2_Init
<LI><a href="#[7c]">&gt;&gt;</a>&nbsp;&nbsp;&nbsp;MX_TIM1_Init
<LI><a href="#[7b]">&gt;&gt;</a>&nbsp;&nbsp;&nbsp;MX_I2C1_Init
<LI><a href="#[7a]">&gt;&gt;</a>&nbsp;&nbsp;&nbsp;MX_GPIO_Init
<LI><a href="#[84]">&gt;&gt;</a>&nbsp;&nbsp;&nbsp;HAL_RCC_GetPCLK2Freq
<LI><a href="#[47]">&gt;&gt;</a>&nbsp;&nbsp;&nbsp;HAL_RCC_GetPCLK1Freq
<LI><a href="#[48]">&gt;&gt;</a>&nbsp;&nbsp;&nbsp;HAL_Init
<LI><a href="#[44]">&gt;&gt;</a>&nbsp;&nbsp;&nbsp;HAL_GPIO_WritePin
<LI><a href="#[42]">&gt;&gt;</a>&nbsp;&nbsp;&nbsp;HAL_Delay
<LI><a href="#[41]">&gt;&gt;</a>&nbsp;&nbsp;&nbsp;HAL_DAC_Start
<LI><a href="#[40]">&gt;&gt;</a>&nbsp;&nbsp;&nbsp;HAL_DAC_SetValue
<LI><a href="#[80]">&gt;&gt;</a>&nbsp;&nbsp;&nbsp;SystemClock_Config
<LI><a href="#[79]">&gt;&gt;</a>&nbsp;&nbsp;&nbsp;MX_DAC_Init
<LI><a href="#[62]">&gt;&gt;</a>&nbsp;&nbsp;&nbsp;__2printf
</UL>
<BR>[Address Reference Count : 1]<UL><LI> entry9a.o(.ARM.Collect$$$$0000000B)
</UL><P>
<H3>
Local Symbols
</H3>
<P><STRONG><a name="[50]"></a>NVIC_SetPriority</STRONG> (Thumb, 32 bytes, Stack size 0 bytes, stm32f1xx_hal_cortex.o(i.NVIC_SetPriority))
<BR><BR>[Called By]<UL><LI><a href="#[4d]">&gt;&gt;</a>&nbsp;&nbsp;&nbsp;HAL_SYSTICK_Config
<LI><a href="#[4e]">&gt;&gt;</a>&nbsp;&nbsp;&nbsp;HAL_NVIC_SetPriority
</UL>

<P><STRONG><a name="[5c]"></a>TIM_ETR_SetConfig</STRONG> (Thumb, 20 bytes, Stack size 8 bytes, stm32f1xx_hal_tim.o(i.TIM_ETR_SetConfig))
<BR><BR>[Stack]<UL><LI>Max Depth = 8<LI>Call Chain = TIM_ETR_SetConfig
</UL>
<BR>[Called By]<UL><LI><a href="#[5b]">&gt;&gt;</a>&nbsp;&nbsp;&nbsp;HAL_TIM_ConfigClockSource
</UL>

<P><STRONG><a name="[5f]"></a>TIM_ITRx_SetConfig</STRONG> (Thumb, 16 bytes, Stack size 0 bytes, stm32f1xx_hal_tim.o(i.TIM_ITRx_SetConfig))
<BR><BR>[Called By]<UL><LI><a href="#[5b]">&gt;&gt;</a>&nbsp;&nbsp;&nbsp;HAL_TIM_ConfigClockSource
</UL>

<P><STRONG><a name="[73]"></a>TIM_OC1_SetConfig</STRONG> (Thumb, 186 bytes, Stack size 40 bytes, stm32f1xx_hal_tim.o(i.TIM_OC1_SetConfig))
<BR><BR>[Stack]<UL><LI>Max Depth = 40<LI>Call Chain = TIM_OC1_SetConfig
</UL>
<BR>[Calls]<UL><LI><a href="#[3c]">&gt;&gt;</a>&nbsp;&nbsp;&nbsp;assert_failed
</UL>
<BR>[Called By]<UL><LI><a href="#[72]">&gt;&gt;</a>&nbsp;&nbsp;&nbsp;HAL_TIM_PWM_ConfigChannel
</UL>

<P><STRONG><a name="[75]"></a>TIM_OC3_SetConfig</STRONG> (Thumb, 172 bytes, Stack size 24 bytes, stm32f1xx_hal_tim.o(i.TIM_OC3_SetConfig))
<BR><BR>[Stack]<UL><LI>Max Depth = 24<LI>Call Chain = TIM_OC3_SetConfig
</UL>
<BR>[Calls]<UL><LI><a href="#[3c]">&gt;&gt;</a>&nbsp;&nbsp;&nbsp;assert_failed
</UL>
<BR>[Called By]<UL><LI><a href="#[72]">&gt;&gt;</a>&nbsp;&nbsp;&nbsp;HAL_TIM_PWM_ConfigChannel
</UL>

<P><STRONG><a name="[76]"></a>TIM_OC4_SetConfig</STRONG> (Thumb, 112 bytes, Stack size 24 bytes, stm32f1xx_hal_tim.o(i.TIM_OC4_SetConfig))
<BR><BR>[Stack]<UL><LI>Max Depth = 24<LI>Call Chain = TIM_OC4_SetConfig
</UL>
<BR>[Calls]<UL><LI><a href="#[3c]">&gt;&gt;</a>&nbsp;&nbsp;&nbsp;assert_failed
</UL>
<BR>[Called By]<UL><LI><a href="#[72]">&gt;&gt;</a>&nbsp;&nbsp;&nbsp;HAL_TIM_PWM_ConfigChannel
</UL>

<P><STRONG><a name="[5d]"></a>TIM_TI1_ConfigInputStage</STRONG> (Thumb, 34 bytes, Stack size 8 bytes, stm32f1xx_hal_tim.o(i.TIM_TI1_ConfigInputStage))
<BR><BR>[Stack]<UL><LI>Max Depth = 8<LI>Call Chain = TIM_TI1_ConfigInputStage
</UL>
<BR>[Called By]<UL><LI><a href="#[5b]">&gt;&gt;</a>&nbsp;&nbsp;&nbsp;HAL_TIM_ConfigClockSource
</UL>

<P><STRONG><a name="[5e]"></a>TIM_TI2_ConfigInputStage</STRONG> (Thumb, 36 bytes, Stack size 8 bytes, stm32f1xx_hal_tim.o(i.TIM_TI2_ConfigInputStage))
<BR><BR>[Stack]<UL><LI>Max Depth = 8<LI>Call Chain = TIM_TI2_ConfigInputStage
</UL>
<BR>[Called By]<UL><LI><a href="#[5b]">&gt;&gt;</a>&nbsp;&nbsp;&nbsp;HAL_TIM_ConfigClockSource
</UL>

<P><STRONG><a name="[66]"></a>TIM_TI2_SetConfig</STRONG> (Thumb, 54 bytes, Stack size 12 bytes, stm32f1xx_hal_tim.o(i.TIM_TI2_SetConfig))
<BR><BR>[Stack]<UL><LI>Max Depth = 12<LI>Call Chain = TIM_TI2_SetConfig
</UL>
<BR>[Called By]<UL><LI><a href="#[64]">&gt;&gt;</a>&nbsp;&nbsp;&nbsp;HAL_TIM_IC_ConfigChannel
</UL>

<P><STRONG><a name="[82]"></a>_printf_core</STRONG> (Thumb, 336 bytes, Stack size 88 bytes, printf1.o(i._printf_core), UNUSED)
<BR><BR>[Calls]<UL><LI><a href="#[83]">&gt;&gt;</a>&nbsp;&nbsp;&nbsp;__aeabi_uidivmod
</UL>
<BR>[Called By]<UL><LI><a href="#[81]">&gt;&gt;</a>&nbsp;&nbsp;&nbsp;__0printf$1
</UL>
<P>
<H3>
Undefined Global Symbols
</H3><HR></body></html>
